
-------------------------------------------------------
 T E S T S
-------------------------------------------------------
Running edu.ucr.cs.bdlab.beast.util.CompactLongArrayTest
Tests run: 13, Failures: 0, Errors: 0, Skipped: 0, Time elapsed: 0.314 sec - in edu.ucr.cs.bdlab.beast.util.CompactLongArrayTest
Running edu.ucr.cs.bdlab.beast.util.FileUtilTest
Using Spark's default log4j profile: org/apache/spark/log4j2-defaults.properties
26/09/08 18:44:14 INFO SparkContext: Running Spark version 3.4.2
26/09/08 18:44:14 WARN NativeCodeLoader: Unable to load native-hadoop library for your platform... using builtin-java classes where applicable
26/09/08 18:44:14 INFO ResourceUtils: ==============================================================
26/09/08 18:44:14 INFO ResourceUtils: No custom resources configured for spark.driver.
26/09/08 18:44:14 INFO ResourceUtils: ==============================================================
26/09/08 18:44:14 INFO SparkContext: Submitted application: test
26/09/08 18:44:14 INFO ResourceProfile: Default ResourceProfile created, executor resources: Map(cores -> name: cores, amount: 1, script: , vendor: , memory -> name: memory, amount: 1024, script: , vendor: , offHeap -> name: offHeap, amount: 0, script: , vendor: ), task resources: Map(cpus -> name: cpus, amount: 1.0)
26/09/08 18:44:14 INFO ResourceProfile: Limiting resource is cpu
26/09/08 18:44:14 INFO ResourceProfileManager: Added ResourceProfile id: 0
26/09/08 18:44:14 INFO SecurityManager: Changing view acls to: clockorangezoe
26/09/08 18:44:14 INFO SecurityManager: Changing modify acls to: clockorangezoe
26/09/08 18:44:14 INFO SecurityManager: Changing view acls groups to: 
26/09/08 18:44:14 INFO SecurityManager: Changing modify acls groups to: 
26/09/08 18:44:14 INFO SecurityManager: SecurityManager: authentication disabled; ui acls disabled; users with view permissions: clockorangezoe; groups with view permissions: EMPTY; users with modify permissions: clockorangezoe; groups with modify permissions: EMPTY
26/09/08 18:44:14 ERROR SparkContext: Error initializing SparkContext.
java.net.SocketException: Operation not permitted
	at sun.nio.ch.Net.bind0(Native Method)
	at sun.nio.ch.Net.bind(Net.java:438)
	at sun.nio.ch.Net.bind(Net.java:430)
	at sun.nio.ch.ServerSocketChannelImpl.bind(ServerSocketChannelImpl.java:225)
	at io.netty.channel.socket.nio.NioServerSocketChannel.doBind(NioServerSocketChannel.java:141)
	at io.netty.channel.AbstractChannel$AbstractUnsafe.bind(AbstractChannel.java:562)
	at io.netty.channel.DefaultChannelPipeline$HeadContext.bind(DefaultChannelPipeline.java:1334)
	at io.netty.channel.AbstractChannelHandlerContext.invokeBind(AbstractChannelHandlerContext.java:600)
	at io.netty.channel.AbstractChannelHandlerContext.bind(AbstractChannelHandlerContext.java:579)
	at io.netty.channel.DefaultChannelPipeline.bind(DefaultChannelPipeline.java:973)
	at io.netty.channel.AbstractChannel.bind(AbstractChannel.java:260)
	at io.netty.bootstrap.AbstractBootstrap$2.run(AbstractBootstrap.java:356)
	at io.netty.util.concurrent.AbstractEventExecutor.runTask(AbstractEventExecutor.java:174)
	at io.netty.util.concurrent.AbstractEventExecutor.safeExecute(AbstractEventExecutor.java:167)
	at io.netty.util.concurrent.SingleThreadEventExecutor.runAllTasks(SingleThreadEventExecutor.java:470)
	at io.netty.channel.nio.NioEventLoop.run(NioEventLoop.java:569)
	at io.netty.util.concurrent.SingleThreadEventExecutor$4.run(SingleThreadEventExecutor.java:997)
	at io.netty.util.internal.ThreadExecutorMap$2.run(ThreadExecutorMap.java:74)
	at io.netty.util.concurrent.FastThreadLocalRunnable.run(FastThreadLocalRunnable.java:30)
	at java.lang.Thread.run(Thread.java:750)
26/09/08 18:44:14 INFO SparkContext: SparkContext is stopping with exitCode 0.
26/09/08 18:44:14 INFO SparkContext: Successfully stopped SparkContext
26/09/08 18:44:15 WARN SparkContext: Another SparkContext is being constructed (or threw an exception in its constructor). This may indicate an error, since only one SparkContext should be running in this JVM (see SPARK-2243). The other SparkContext was created at:
org.apache.spark.sql.SparkSession$Builder.getOrCreate(SparkSession.scala:1020)
org.apache.spark.test.ScalaSparkTest.sparkSession(ScalaSparkTest.scala:46)
org.apache.spark.test.ScalaSparkTest.sparkSession$(ScalaSparkTest.scala:42)
edu.ucr.cs.bdlab.test.JavaSparkTest.sparkSession(JavaSparkTest.scala:25)
org.apache.spark.test.ScalaSparkTest.sparkContext(ScalaSparkTest.scala:39)
org.apache.spark.test.ScalaSparkTest.sparkContext$(ScalaSparkTest.scala:38)
edu.ucr.cs.bdlab.test.JavaSparkTest.sparkContext(JavaSparkTest.scala:25)
edu.ucr.cs.bdlab.beast.util.FileUtilTest.testFlattenEmptyDirectories(FileUtilTest.java:88)
sun.reflect.NativeMethodAccessorImpl.invoke0(Native Method)
sun.reflect.NativeMethodAccessorImpl.invoke(NativeMethodAccessorImpl.java:62)
sun.reflect.DelegatingMethodAccessorImpl.invoke(DelegatingMethodAccessorImpl.java:43)
java.lang.reflect.Method.invoke(Method.java:498)
junit.framework.TestCase.runTest(TestCase.java:177)
junit.framework.TestCase.runBare(TestCase.java:142)
junit.framework.TestResult$1.protect(TestResult.java:122)
junit.framework.TestResult.runProtected(TestResult.java:142)
junit.framework.TestResult.run(TestResult.java:125)
junit.framework.TestCase.run(TestCase.java:130)
junit.framework.TestSuite.runTest(TestSuite.java:241)
junit.framework.TestSuite.run(TestSuite.java:236)
26/09/08 18:44:15 INFO SparkContext: Running Spark version 3.4.2
26/09/08 18:44:15 INFO ResourceUtils: ==============================================================
26/09/08 18:44:15 INFO ResourceUtils: No custom resources configured for spark.driver.
26/09/08 18:44:15 INFO ResourceUtils: ==============================================================
26/09/08 18:44:15 INFO SparkContext: Submitted application: test
26/09/08 18:44:15 INFO ResourceProfile: Default ResourceProfile created, executor resources: Map(cores -> name: cores, amount: 1, script: , vendor: , memory -> name: memory, amount: 1024, script: , vendor: , offHeap -> name: offHeap, amount: 0, script: , vendor: ), task resources: Map(cpus -> name: cpus, amount: 1.0)
26/09/08 18:44:15 INFO ResourceProfile: Limiting resource is cpu
26/09/08 18:44:15 INFO ResourceProfileManager: Added ResourceProfile id: 0
26/09/08 18:44:15 INFO SecurityManager: Changing view acls to: clockorangezoe
26/09/08 18:44:15 INFO SecurityManager: Changing modify acls to: clockorangezoe
26/09/08 18:44:15 INFO SecurityManager: Changing view acls groups to: 
26/09/08 18:44:15 INFO SecurityManager: Changing modify acls groups to: 
26/09/08 18:44:15 INFO SecurityManager: SecurityManager: authentication disabled; ui acls disabled; users with view permissions: clockorangezoe; groups with view permissions: EMPTY; users with modify permissions: clockorangezoe; groups with modify permissions: EMPTY
26/09/08 18:44:15 ERROR SparkContext: Error initializing SparkContext.
java.net.SocketException: Operation not permitted
	at sun.nio.ch.Net.bind0(Native Method)
	at sun.nio.ch.Net.bind(Net.java:438)
	at sun.nio.ch.Net.bind(Net.java:430)
	at sun.nio.ch.ServerSocketChannelImpl.bind(ServerSocketChannelImpl.java:225)
	at io.netty.channel.socket.nio.NioServerSocketChannel.doBind(NioServerSocketChannel.java:141)
	at io.netty.channel.AbstractChannel$AbstractUnsafe.bind(AbstractChannel.java:562)
	at io.netty.channel.DefaultChannelPipeline$HeadContext.bind(DefaultChannelPipeline.java:1334)
	at io.netty.channel.AbstractChannelHandlerContext.invokeBind(AbstractChannelHandlerContext.java:600)
	at io.netty.channel.AbstractChannelHandlerContext.bind(AbstractChannelHandlerContext.java:579)
	at io.netty.channel.DefaultChannelPipeline.bind(DefaultChannelPipeline.java:973)
	at io.netty.channel.AbstractChannel.bind(AbstractChannel.java:260)
	at io.netty.bootstrap.AbstractBootstrap$2.run(AbstractBootstrap.java:356)
	at io.netty.util.concurrent.AbstractEventExecutor.runTask(AbstractEventExecutor.java:174)
	at io.netty.util.concurrent.AbstractEventExecutor.safeExecute(AbstractEventExecutor.java:167)
	at io.netty.util.concurrent.SingleThreadEventExecutor.runAllTasks(SingleThreadEventExecutor.java:470)
	at io.netty.channel.nio.NioEventLoop.run(NioEventLoop.java:569)
	at io.netty.util.concurrent.SingleThreadEventExecutor$4.run(SingleThreadEventExecutor.java:997)
	at io.netty.util.internal.ThreadExecutorMap$2.run(ThreadExecutorMap.java:74)
	at io.netty.util.concurrent.FastThreadLocalRunnable.run(FastThreadLocalRunnable.java:30)
	at java.lang.Thread.run(Thread.java:750)
26/09/08 18:44:15 INFO SparkContext: SparkContext is stopping with exitCode 0.
26/09/08 18:44:15 INFO SparkContext: Successfully stopped SparkContext
Tests run: 4, Failures: 0, Errors: 2, Skipped: 0, Time elapsed: 0.597 sec <<< FAILURE! - in edu.ucr.cs.bdlab.beast.util.FileUtilTest
testFlattenEmptyDirectories(edu.ucr.cs.bdlab.beast.util.FileUtilTest)  Time elapsed: 0.572 sec  <<< ERROR!
java.net.SocketException: Operation not permitted
	at sun.nio.ch.Net.bind0(Native Method)
	at sun.nio.ch.Net.bind(Net.java:438)
	at sun.nio.ch.Net.bind(Net.java:430)
	at sun.nio.ch.ServerSocketChannelImpl.bind(ServerSocketChannelImpl.java:225)
	at io.netty.channel.socket.nio.NioServerSocketChannel.doBind(NioServerSocketChannel.java:141)
	at io.netty.channel.AbstractChannel$AbstractUnsafe.bind(AbstractChannel.java:562)
	at io.netty.channel.DefaultChannelPipeline$HeadContext.bind(DefaultChannelPipeline.java:1334)
	at io.netty.channel.AbstractChannelHandlerContext.invokeBind(AbstractChannelHandlerContext.java:600)
	at io.netty.channel.AbstractChannelHandlerContext.bind(AbstractChannelHandlerContext.java:579)
	at io.netty.channel.DefaultChannelPipeline.bind(DefaultChannelPipeline.java:973)
	at io.netty.channel.AbstractChannel.bind(AbstractChannel.java:260)
	at io.netty.bootstrap.AbstractBootstrap$2.run(AbstractBootstrap.java:356)
	at io.netty.util.concurrent.AbstractEventExecutor.runTask(AbstractEventExecutor.java:174)
	at io.netty.util.concurrent.AbstractEventExecutor.safeExecute(AbstractEventExecutor.java:167)
	at io.netty.util.concurrent.SingleThreadEventExecutor.runAllTasks(SingleThreadEventExecutor.java:470)
	at io.netty.channel.nio.NioEventLoop.run(NioEventLoop.java:569)
	at io.netty.util.concurrent.SingleThreadEventExecutor$4.run(SingleThreadEventExecutor.java:997)
	at io.netty.util.internal.ThreadExecutorMap$2.run(ThreadExecutorMap.java:74)
	at io.netty.util.concurrent.FastThreadLocalRunnable.run(FastThreadLocalRunnable.java:30)
	at java.lang.Thread.run(Thread.java:750)

testConcatenate(edu.ucr.cs.bdlab.beast.util.FileUtilTest)  Time elapsed: 0.022 sec  <<< ERROR!
java.net.SocketException: Operation not permitted
	at sun.nio.ch.Net.bind0(Native Method)
	at sun.nio.ch.Net.bind(Net.java:438)
	at sun.nio.ch.Net.bind(Net.java:430)
	at sun.nio.ch.ServerSocketChannelImpl.bind(ServerSocketChannelImpl.java:225)
	at io.netty.channel.socket.nio.NioServerSocketChannel.doBind(NioServerSocketChannel.java:141)
	at io.netty.channel.AbstractChannel$AbstractUnsafe.bind(AbstractChannel.java:562)
	at io.netty.channel.DefaultChannelPipeline$HeadContext.bind(DefaultChannelPipeline.java:1334)
	at io.netty.channel.AbstractChannelHandlerContext.invokeBind(AbstractChannelHandlerContext.java:600)
	at io.netty.channel.AbstractChannelHandlerContext.bind(AbstractChannelHandlerContext.java:579)
	at io.netty.channel.DefaultChannelPipeline.bind(DefaultChannelPipeline.java:973)
	at io.netty.channel.AbstractChannel.bind(AbstractChannel.java:260)
	at io.netty.bootstrap.AbstractBootstrap$2.run(AbstractBootstrap.java:356)
	at io.netty.util.concurrent.AbstractEventExecutor.runTask(AbstractEventExecutor.java:174)
	at io.netty.util.concurrent.AbstractEventExecutor.safeExecute(AbstractEventExecutor.java:167)
	at io.netty.util.concurrent.SingleThreadEventExecutor.runAllTasks(SingleThreadEventExecutor.java:470)
	at io.netty.channel.nio.NioEventLoop.run(NioEventLoop.java:569)
	at io.netty.util.concurrent.SingleThreadEventExecutor$4.run(SingleThreadEventExecutor.java:997)
	at io.netty.util.internal.ThreadExecutorMap$2.run(ThreadExecutorMap.java:74)
	at io.netty.util.concurrent.FastThreadLocalRunnable.run(FastThreadLocalRunnable.java:30)
	at java.lang.Thread.run(Thread.java:750)

Running edu.ucr.cs.bdlab.beast.util.BeastOptionsTest
Tests run: 3, Failures: 0, Errors: 0, Skipped: 0, Time elapsed: 0.047 sec - in edu.ucr.cs.bdlab.beast.util.BeastOptionsTest
Running edu.ucr.cs.bdlab.beast.util.OperationHelperTest
Tests run: 9, Failures: 0, Errors: 0, Skipped: 0, Time elapsed: 0.091 sec - in edu.ucr.cs.bdlab.beast.util.OperationHelperTest
Running edu.ucr.cs.bdlab.beast.util.BeastServerTest
26/09/08 18:44:15 WARN SparkContext: Another SparkContext is being constructed (or threw an exception in its constructor). This may indicate an error, since only one SparkContext should be running in this JVM (see SPARK-2243). The other SparkContext was created at:
org.apache.spark.sql.SparkSession$Builder.getOrCreate(SparkSession.scala:1020)
org.apache.spark.test.ScalaSparkTest.sparkSession(ScalaSparkTest.scala:46)
org.apache.spark.test.ScalaSparkTest.sparkSession$(ScalaSparkTest.scala:42)
edu.ucr.cs.bdlab.test.JavaSparkTest.sparkSession(JavaSparkTest.scala:25)
org.apache.spark.test.ScalaSparkTest.sparkContext(ScalaSparkTest.scala:39)
org.apache.spark.test.ScalaSparkTest.sparkContext$(ScalaSparkTest.scala:38)
edu.ucr.cs.bdlab.test.JavaSparkTest.sparkContext(JavaSparkTest.scala:25)
edu.ucr.cs.bdlab.beast.util.FileUtilTest.testConcatenate(FileUtilTest.java:70)
sun.reflect.NativeMethodAccessorImpl.invoke0(Native Method)
sun.reflect.NativeMethodAccessorImpl.invoke(NativeMethodAccessorImpl.java:62)
sun.reflect.DelegatingMethodAccessorImpl.invoke(DelegatingMethodAccessorImpl.java:43)
java.lang.reflect.Method.invoke(Method.java:498)
junit.framework.TestCase.runTest(TestCase.java:177)
junit.framework.TestCase.runBare(TestCase.java:142)
junit.framework.TestResult$1.protect(TestResult.java:122)
junit.framework.TestResult.runProtected(TestResult.java:142)
junit.framework.TestResult.run(TestResult.java:125)
junit.framework.TestCase.run(TestCase.java:130)
junit.framework.TestSuite.runTest(TestSuite.java:241)
junit.framework.TestSuite.run(TestSuite.java:236)
26/09/08 18:44:15 INFO SparkContext: Running Spark version 3.4.2
26/09/08 18:44:15 INFO ResourceUtils: ==============================================================
26/09/08 18:44:15 INFO ResourceUtils: No custom resources configured for spark.driver.
26/09/08 18:44:15 INFO ResourceUtils: ==============================================================
26/09/08 18:44:15 INFO SparkContext: Submitted application: test
26/09/08 18:44:15 INFO ResourceProfile: Default ResourceProfile created, executor resources: Map(cores -> name: cores, amount: 1, script: , vendor: , memory -> name: memory, amount: 1024, script: , vendor: , offHeap -> name: offHeap, amount: 0, script: , vendor: ), task resources: Map(cpus -> name: cpus, amount: 1.0)
26/09/08 18:44:15 INFO ResourceProfile: Limiting resource is cpu
26/09/08 18:44:15 INFO ResourceProfileManager: Added ResourceProfile id: 0
26/09/08 18:44:15 INFO SecurityManager: Changing view acls to: clockorangezoe
26/09/08 18:44:15 INFO SecurityManager: Changing modify acls to: clockorangezoe
26/09/08 18:44:15 INFO SecurityManager: Changing view acls groups to: 
26/09/08 18:44:15 INFO SecurityManager: Changing modify acls groups to: 
26/09/08 18:44:15 INFO SecurityManager: SecurityManager: authentication disabled; ui acls disabled; users with view permissions: clockorangezoe; groups with view permissions: EMPTY; users with modify permissions: clockorangezoe; groups with modify permissions: EMPTY
26/09/08 18:44:15 ERROR SparkContext: Error initializing SparkContext.
java.net.SocketException: Operation not permitted
	at sun.nio.ch.Net.bind0(Native Method)
	at sun.nio.ch.Net.bind(Net.java:438)
	at sun.nio.ch.Net.bind(Net.java:430)
	at sun.nio.ch.ServerSocketChannelImpl.bind(ServerSocketChannelImpl.java:225)
	at io.netty.channel.socket.nio.NioServerSocketChannel.doBind(NioServerSocketChannel.java:141)
	at io.netty.channel.AbstractChannel$AbstractUnsafe.bind(AbstractChannel.java:562)
	at io.netty.channel.DefaultChannelPipeline$HeadContext.bind(DefaultChannelPipeline.java:1334)
	at io.netty.channel.AbstractChannelHandlerContext.invokeBind(AbstractChannelHandlerContext.java:600)
	at io.netty.channel.AbstractChannelHandlerContext.bind(AbstractChannelHandlerContext.java:579)
	at io.netty.channel.DefaultChannelPipeline.bind(DefaultChannelPipeline.java:973)
	at io.netty.channel.AbstractChannel.bind(AbstractChannel.java:260)
	at io.netty.bootstrap.AbstractBootstrap$2.run(AbstractBootstrap.java:356)
	at io.netty.util.concurrent.AbstractEventExecutor.runTask(AbstractEventExecutor.java:174)
	at io.netty.util.concurrent.AbstractEventExecutor.safeExecute(AbstractEventExecutor.java:167)
	at io.netty.util.concurrent.SingleThreadEventExecutor.runAllTasks(SingleThreadEventExecutor.java:470)
	at io.netty.channel.nio.NioEventLoop.run(NioEventLoop.java:569)
	at io.netty.util.concurrent.SingleThreadEventExecutor$4.run(SingleThreadEventExecutor.java:997)
	at io.netty.util.internal.ThreadExecutorMap$2.run(ThreadExecutorMap.java:74)
	at io.netty.util.concurrent.FastThreadLocalRunnable.run(FastThreadLocalRunnable.java:30)
	at java.lang.Thread.run(Thread.java:750)
26/09/08 18:44:15 INFO SparkContext: SparkContext is stopping with exitCode 0.
26/09/08 18:44:15 INFO SparkContext: Successfully stopped SparkContext
26/09/08 18:44:15 WARN SparkContext: Another SparkContext is being constructed (or threw an exception in its constructor). This may indicate an error, since only one SparkContext should be running in this JVM (see SPARK-2243). The other SparkContext was created at:
org.apache.spark.sql.SparkSession$Builder.getOrCreate(SparkSession.scala:1020)
org.apache.spark.test.ScalaSparkTest.sparkSession(ScalaSparkTest.scala:46)
org.apache.spark.test.ScalaSparkTest.sparkSession$(ScalaSparkTest.scala:42)
edu.ucr.cs.bdlab.test.JavaSparkTest.sparkSession(JavaSparkTest.scala:25)
edu.ucr.cs.bdlab.beast.util.BeastServerTest.startServer(BeastServerTest.java:119)
edu.ucr.cs.bdlab.beast.util.BeastServerTest.testIgnoreTrailingSlash(BeastServerTest.java:188)
sun.reflect.NativeMethodAccessorImpl.invoke0(Native Method)
sun.reflect.NativeMethodAccessorImpl.invoke(NativeMethodAccessorImpl.java:62)
sun.reflect.DelegatingMethodAccessorImpl.invoke(DelegatingMethodAccessorImpl.java:43)
java.lang.reflect.Method.invoke(Method.java:498)
junit.framework.TestCase.runTest(TestCase.java:177)
junit.framework.TestCase.runBare(TestCase.java:142)
junit.framework.TestResult$1.protect(TestResult.java:122)
junit.framework.TestResult.runProtected(TestResult.java:142)
junit.framework.TestResult.run(TestResult.java:125)
junit.framework.TestCase.run(TestCase.java:130)
junit.framework.TestSuite.runTest(TestSuite.java:241)
junit.framework.TestSuite.run(TestSuite.java:236)
org.junit.internal.runners.JUnit38ClassRunner.run(JUnit38ClassRunner.java:90)
org.apache.maven.surefire.junit4.JUnit4Provider.execute(JUnit4Provider.java:283)
26/09/08 18:44:15 INFO SparkContext: Running Spark version 3.4.2
26/09/08 18:44:15 INFO ResourceUtils: ==============================================================
26/09/08 18:44:15 INFO ResourceUtils: No custom resources configured for spark.driver.
26/09/08 18:44:15 INFO ResourceUtils: ==============================================================
26/09/08 18:44:15 INFO SparkContext: Submitted application: test
26/09/08 18:44:15 INFO ResourceProfile: Default ResourceProfile created, executor resources: Map(cores -> name: cores, amount: 1, script: , vendor: , memory -> name: memory, amount: 1024, script: , vendor: , offHeap -> name: offHeap, amount: 0, script: , vendor: ), task resources: Map(cpus -> name: cpus, amount: 1.0)
26/09/08 18:44:15 INFO ResourceProfile: Limiting resource is cpu
26/09/08 18:44:15 INFO ResourceProfileManager: Added ResourceProfile id: 0
26/09/08 18:44:15 INFO SecurityManager: Changing view acls to: clockorangezoe
26/09/08 18:44:15 INFO SecurityManager: Changing modify acls to: clockorangezoe
26/09/08 18:44:15 INFO SecurityManager: Changing view acls groups to: 
26/09/08 18:44:15 INFO SecurityManager: Changing modify acls groups to: 
26/09/08 18:44:15 INFO SecurityManager: SecurityManager: authentication disabled; ui acls disabled; users with view permissions: clockorangezoe; groups with view permissions: EMPTY; users with modify permissions: clockorangezoe; groups with modify permissions: EMPTY
26/09/08 18:44:15 ERROR SparkContext: Error initializing SparkContext.
java.net.SocketException: Operation not permitted
	at sun.nio.ch.Net.bind0(Native Method)
	at sun.nio.ch.Net.bind(Net.java:438)
	at sun.nio.ch.Net.bind(Net.java:430)
	at sun.nio.ch.ServerSocketChannelImpl.bind(ServerSocketChannelImpl.java:225)
	at io.netty.channel.socket.nio.NioServerSocketChannel.doBind(NioServerSocketChannel.java:141)
	at io.netty.channel.AbstractChannel$AbstractUnsafe.bind(AbstractChannel.java:562)
	at io.netty.channel.DefaultChannelPipeline$HeadContext.bind(DefaultChannelPipeline.java:1334)
	at io.netty.channel.AbstractChannelHandlerContext.invokeBind(AbstractChannelHandlerContext.java:600)
	at io.netty.channel.AbstractChannelHandlerContext.bind(AbstractChannelHandlerContext.java:579)
	at io.netty.channel.DefaultChannelPipeline.bind(DefaultChannelPipeline.java:973)
	at io.netty.channel.AbstractChannel.bind(AbstractChannel.java:260)
	at io.netty.bootstrap.AbstractBootstrap$2.run(AbstractBootstrap.java:356)
	at io.netty.util.concurrent.AbstractEventExecutor.runTask(AbstractEventExecutor.java:174)
	at io.netty.util.concurrent.AbstractEventExecutor.safeExecute(AbstractEventExecutor.java:167)
	at io.netty.util.concurrent.SingleThreadEventExecutor.runAllTasks(SingleThreadEventExecutor.java:470)
	at io.netty.channel.nio.NioEventLoop.run(NioEventLoop.java:569)
	at io.netty.util.concurrent.SingleThreadEventExecutor$4.run(SingleThreadEventExecutor.java:997)
	at io.netty.util.internal.ThreadExecutorMap$2.run(ThreadExecutorMap.java:74)
	at io.netty.util.concurrent.FastThreadLocalRunnable.run(FastThreadLocalRunnable.java:30)
	at java.lang.Thread.run(Thread.java:750)
26/09/08 18:44:15 INFO SparkContext: SparkContext is stopping with exitCode 0.
26/09/08 18:44:15 INFO SparkContext: Successfully stopped SparkContext
26/09/08 18:44:15 WARN SparkContext: Another SparkContext is being constructed (or threw an exception in its constructor). This may indicate an error, since only one SparkContext should be running in this JVM (see SPARK-2243). The other SparkContext was created at:
org.apache.spark.sql.SparkSession$Builder.getOrCreate(SparkSession.scala:1020)
org.apache.spark.test.ScalaSparkTest.sparkSession(ScalaSparkTest.scala:46)
org.apache.spark.test.ScalaSparkTest.sparkSession$(ScalaSparkTest.scala:42)
edu.ucr.cs.bdlab.test.JavaSparkTest.sparkSession(JavaSparkTest.scala:25)
edu.ucr.cs.bdlab.beast.util.BeastServerTest.startServer(BeastServerTest.java:119)
edu.ucr.cs.bdlab.beast.util.BeastServerTest.testCallMethodByName(BeastServerTest.java:133)
sun.reflect.NativeMethodAccessorImpl.invoke0(Native Method)
sun.reflect.NativeMethodAccessorImpl.invoke(NativeMethodAccessorImpl.java:62)
sun.reflect.DelegatingMethodAccessorImpl.invoke(DelegatingMethodAccessorImpl.java:43)
java.lang.reflect.Method.invoke(Method.java:498)
junit.framework.TestCase.runTest(TestCase.java:177)
junit.framework.TestCase.runBare(TestCase.java:142)
junit.framework.TestResult$1.protect(TestResult.java:122)
junit.framework.TestResult.runProtected(TestResult.java:142)
junit.framework.TestResult.run(TestResult.java:125)
junit.framework.TestCase.run(TestCase.java:130)
junit.framework.TestSuite.runTest(TestSuite.java:241)
junit.framework.TestSuite.run(TestSuite.java:236)
org.junit.internal.runners.JUnit38ClassRunner.run(JUnit38ClassRunner.java:90)
org.apache.maven.surefire.junit4.JUnit4Provider.execute(JUnit4Provider.java:283)
26/09/08 18:44:15 INFO SparkContext: Running Spark version 3.4.2
26/09/08 18:44:15 INFO ResourceUtils: ==============================================================
26/09/08 18:44:15 INFO ResourceUtils: No custom resources configured for spark.driver.
26/09/08 18:44:15 INFO ResourceUtils: ==============================================================
26/09/08 18:44:15 INFO SparkContext: Submitted application: test
26/09/08 18:44:15 INFO ResourceProfile: Default ResourceProfile created, executor resources: Map(cores -> name: cores, amount: 1, script: , vendor: , memory -> name: memory, amount: 1024, script: , vendor: , offHeap -> name: offHeap, amount: 0, script: , vendor: ), task resources: Map(cpus -> name: cpus, amount: 1.0)
26/09/08 18:44:15 INFO ResourceProfile: Limiting resource is cpu
26/09/08 18:44:15 INFO ResourceProfileManager: Added ResourceProfile id: 0
26/09/08 18:44:15 INFO SecurityManager: Changing view acls to: clockorangezoe
26/09/08 18:44:15 INFO SecurityManager: Changing modify acls to: clockorangezoe
26/09/08 18:44:15 INFO SecurityManager: Changing view acls groups to: 
26/09/08 18:44:15 INFO SecurityManager: Changing modify acls groups to: 
26/09/08 18:44:15 INFO SecurityManager: SecurityManager: authentication disabled; ui acls disabled; users with view permissions: clockorangezoe; groups with view permissions: EMPTY; users with modify permissions: clockorangezoe; groups with modify permissions: EMPTY
26/09/08 18:44:15 ERROR SparkContext: Error initializing SparkContext.
java.net.SocketException: Operation not permitted
	at sun.nio.ch.Net.bind0(Native Method)
	at sun.nio.ch.Net.bind(Net.java:438)
	at sun.nio.ch.Net.bind(Net.java:430)
	at sun.nio.ch.ServerSocketChannelImpl.bind(ServerSocketChannelImpl.java:225)
	at io.netty.channel.socket.nio.NioServerSocketChannel.doBind(NioServerSocketChannel.java:141)
	at io.netty.channel.AbstractChannel$AbstractUnsafe.bind(AbstractChannel.java:562)
	at io.netty.channel.DefaultChannelPipeline$HeadContext.bind(DefaultChannelPipeline.java:1334)
	at io.netty.channel.AbstractChannelHandlerContext.invokeBind(AbstractChannelHandlerContext.java:600)
	at io.netty.channel.AbstractChannelHandlerContext.bind(AbstractChannelHandlerContext.java:579)
	at io.netty.channel.DefaultChannelPipeline.bind(DefaultChannelPipeline.java:973)
	at io.netty.channel.AbstractChannel.bind(AbstractChannel.java:260)
	at io.netty.bootstrap.AbstractBootstrap$2.run(AbstractBootstrap.java:356)
	at io.netty.util.concurrent.AbstractEventExecutor.runTask(AbstractEventExecutor.java:174)
	at io.netty.util.concurrent.AbstractEventExecutor.safeExecute(AbstractEventExecutor.java:167)
	at io.netty.util.concurrent.SingleThreadEventExecutor.runAllTasks(SingleThreadEventExecutor.java:470)
	at io.netty.channel.nio.NioEventLoop.run(NioEventLoop.java:569)
	at io.netty.util.concurrent.SingleThreadEventExecutor$4.run(SingleThreadEventExecutor.java:997)
	at io.netty.util.internal.ThreadExecutorMap$2.run(ThreadExecutorMap.java:74)
	at io.netty.util.concurrent.FastThreadLocalRunnable.run(FastThreadLocalRunnable.java:30)
	at java.lang.Thread.run(Thread.java:750)
26/09/08 18:44:15 INFO SparkContext: SparkContext is stopping with exitCode 0.
26/09/08 18:44:15 INFO SparkContext: Successfully stopped SparkContext
Tests run: 3, Failures: 0, Errors: 3, Skipped: 0, Time elapsed: 0.055 sec <<< FAILURE! - in edu.ucr.cs.bdlab.beast.util.BeastServerTest
testIgnoreTrailingSlash(edu.ucr.cs.bdlab.beast.util.BeastServerTest)  Time elapsed: 0.02 sec  <<< ERROR!
java.net.SocketException: Operation not permitted
	at sun.nio.ch.Net.bind0(Native Method)
	at sun.nio.ch.Net.bind(Net.java:438)
	at sun.nio.ch.Net.bind(Net.java:430)
	at sun.nio.ch.ServerSocketChannelImpl.bind(ServerSocketChannelImpl.java:225)
	at io.netty.channel.socket.nio.NioServerSocketChannel.doBind(NioServerSocketChannel.java:141)
	at io.netty.channel.AbstractChannel$AbstractUnsafe.bind(AbstractChannel.java:562)
	at io.netty.channel.DefaultChannelPipeline$HeadContext.bind(DefaultChannelPipeline.java:1334)
	at io.netty.channel.AbstractChannelHandlerContext.invokeBind(AbstractChannelHandlerContext.java:600)
	at io.netty.channel.AbstractChannelHandlerContext.bind(AbstractChannelHandlerContext.java:579)
	at io.netty.channel.DefaultChannelPipeline.bind(DefaultChannelPipeline.java:973)
	at io.netty.channel.AbstractChannel.bind(AbstractChannel.java:260)
	at io.netty.bootstrap.AbstractBootstrap$2.run(AbstractBootstrap.java:356)
	at io.netty.util.concurrent.AbstractEventExecutor.runTask(AbstractEventExecutor.java:174)
	at io.netty.util.concurrent.AbstractEventExecutor.safeExecute(AbstractEventExecutor.java:167)
	at io.netty.util.concurrent.SingleThreadEventExecutor.runAllTasks(SingleThreadEventExecutor.java:470)
	at io.netty.channel.nio.NioEventLoop.run(NioEventLoop.java:569)
	at io.netty.util.concurrent.SingleThreadEventExecutor$4.run(SingleThreadEventExecutor.java:997)
	at io.netty.util.internal.ThreadExecutorMap$2.run(ThreadExecutorMap.java:74)
	at io.netty.util.concurrent.FastThreadLocalRunnable.run(FastThreadLocalRunnable.java:30)
	at java.lang.Thread.run(Thread.java:750)

testCallMethodByName(edu.ucr.cs.bdlab.beast.util.BeastServerTest)  Time elapsed: 0.017 sec  <<< ERROR!
java.net.SocketException: Operation not permitted
	at sun.nio.ch.Net.bind0(Native Method)
	at sun.nio.ch.Net.bind(Net.java:438)
	at sun.nio.ch.Net.bind(Net.java:430)
	at sun.nio.ch.ServerSocketChannelImpl.bind(ServerSocketChannelImpl.java:225)
	at io.netty.channel.socket.nio.NioServerSocketChannel.doBind(NioServerSocketChannel.java:141)
	at io.netty.channel.AbstractChannel$AbstractUnsafe.bind(AbstractChannel.java:562)
	at io.netty.channel.DefaultChannelPipeline$HeadContext.bind(DefaultChannelPipeline.java:1334)
	at io.netty.channel.AbstractChannelHandlerContext.invokeBind(AbstractChannelHandlerContext.java:600)
	at io.netty.channel.AbstractChannelHandlerContext.bind(AbstractChannelHandlerContext.java:579)
	at io.netty.channel.DefaultChannelPipeline.bind(DefaultChannelPipeline.java:973)
	at io.netty.channel.AbstractChannel.bind(AbstractChannel.java:260)
	at io.netty.bootstrap.AbstractBootstrap$2.run(AbstractBootstrap.java:356)
	at io.netty.util.concurrent.AbstractEventExecutor.runTask(AbstractEventExecutor.java:174)
	at io.netty.util.concurrent.AbstractEventExecutor.safeExecute(AbstractEventExecutor.java:167)
	at io.netty.util.concurrent.SingleThreadEventExecutor.runAllTasks(SingleThreadEventExecutor.java:470)
	at io.netty.channel.nio.NioEventLoop.run(NioEventLoop.java:569)
	at io.netty.util.concurrent.SingleThreadEventExecutor$4.run(SingleThreadEventExecutor.java:997)
	at io.netty.util.internal.ThreadExecutorMap$2.run(ThreadExecutorMap.java:74)
	at io.netty.util.concurrent.FastThreadLocalRunnable.run(FastThreadLocalRunnable.java:30)
	at java.lang.Thread.run(Thread.java:750)

testMethodWithVerbs(edu.ucr.cs.bdlab.beast.util.BeastServerTest)  Time elapsed: 0.018 sec  <<< ERROR!
java.net.SocketException: Operation not permitted
	at sun.nio.ch.Net.bind0(Native Method)
	at sun.nio.ch.Net.bind(Net.java:438)
	at sun.nio.ch.Net.bind(Net.java:430)
	at sun.nio.ch.ServerSocketChannelImpl.bind(ServerSocketChannelImpl.java:225)
	at io.netty.channel.socket.nio.NioServerSocketChannel.doBind(NioServerSocketChannel.java:141)
	at io.netty.channel.AbstractChannel$AbstractUnsafe.bind(AbstractChannel.java:562)
	at io.netty.channel.DefaultChannelPipeline$HeadContext.bind(DefaultChannelPipeline.java:1334)
	at io.netty.channel.AbstractChannelHandlerContext.invokeBind(AbstractChannelHandlerContext.java:600)
	at io.netty.channel.AbstractChannelHandlerContext.bind(AbstractChannelHandlerContext.java:579)
	at io.netty.channel.DefaultChannelPipeline.bind(DefaultChannelPipeline.java:973)
	at io.netty.channel.AbstractChannel.bind(AbstractChannel.java:260)
	at io.netty.bootstrap.AbstractBootstrap$2.run(AbstractBootstrap.java:356)
	at io.netty.util.concurrent.AbstractEventExecutor.runTask(AbstractEventExecutor.java:174)
	at io.netty.util.concurrent.AbstractEventExecutor.safeExecute(AbstractEventExecutor.java:167)
	at io.netty.util.concurrent.SingleThreadEventExecutor.runAllTasks(SingleThreadEventExecutor.java:470)
	at io.netty.channel.nio.NioEventLoop.run(NioEventLoop.java:569)
	at io.netty.util.concurrent.SingleThreadEventExecutor$4.run(SingleThreadEventExecutor.java:997)
	at io.netty.util.internal.ThreadExecutorMap$2.run(ThreadExecutorMap.java:74)
	at io.netty.util.concurrent.FastThreadLocalRunnable.run(FastThreadLocalRunnable.java:30)
	at java.lang.Thread.run(Thread.java:750)

Running edu.ucr.cs.bdlab.beast.util.ZipUtilTest
26/09/08 18:44:15 INFO FileUtil: Could not concatenate files efficiently due to Concat is not supported by ChecksumFileSystem
Tests run: 5, Failures: 0, Errors: 0, Skipped: 0, Time elapsed: 0.146 sec - in edu.ucr.cs.bdlab.beast.util.ZipUtilTest
Running edu.ucr.cs.bdlab.beast.util.LZWTest
Tests run: 4, Failures: 0, Errors: 0, Skipped: 0, Time elapsed: 0.006 sec - in edu.ucr.cs.bdlab.beast.util.LZWTest
Running edu.ucr.cs.bdlab.beast.util.LRUCacheTest
Tests run: 3, Failures: 0, Errors: 0, Skipped: 0, Time elapsed: 0.005 sec - in edu.ucr.cs.bdlab.beast.util.LRUCacheTest
Running edu.ucr.cs.bdlab.beast.util.BufferedFSDataInputStreamTest
Tests run: 2, Failures: 0, Errors: 0, Skipped: 0, Time elapsed: 0.001 sec - in edu.ucr.cs.bdlab.beast.util.BufferedFSDataInputStreamTest
Running edu.ucr.cs.bdlab.beast.util.BitOutputStreamTest
Tests run: 1, Failures: 0, Errors: 0, Skipped: 0, Time elapsed: 0.001 sec - in edu.ucr.cs.bdlab.beast.util.BitOutputStreamTest
Running edu.ucr.cs.bdlab.beast.util.MathUtilTest
Tests run: 9, Failures: 0, Errors: 0, Skipped: 0, Time elapsed: 0.006 sec - in edu.ucr.cs.bdlab.beast.util.MathUtilTest
Running edu.ucr.cs.bdlab.beast.util.BitInputStreamTest
Tests run: 1, Failures: 0, Errors: 0, Skipped: 0, Time elapsed: 0 sec - in edu.ucr.cs.bdlab.beast.util.BitInputStreamTest
Running edu.ucr.cs.bdlab.beast.util.IntArrayTest
Tests run: 4, Failures: 0, Errors: 0, Skipped: 0, Time elapsed: 0.001 sec - in edu.ucr.cs.bdlab.beast.util.IntArrayTest
Running edu.ucr.cs.bdlab.beast.util.BitArrayTest
Tests run: 2, Failures: 0, Errors: 0, Skipped: 0, Time elapsed: 0.001 sec - in edu.ucr.cs.bdlab.beast.util.BitArrayTest

Results :

Tests in error: 
  BeastServerTest.testCallMethodByName ? Socket Operation not permitted
  BeastServerTest.testIgnoreTrailingSlash ? Socket Operation not permitted
  BeastServerTest.testMethodWithVerbs ? Socket Operation not permitted
  FileUtilTest.testConcatenate ? Socket Operation not permitted
  FileUtilTest.testFlattenEmptyDirectories ? Socket Operation not permitted

Tests run: 63, Failures: 0, Errors: 5, Skipped: 0

[ERROR] Failed to execute goal org.apache.maven.plugins:maven-surefire-plugin:2.18.1:test (default-test) on project common: There are test failures.
[ERROR] 
[ERROR] Please refer to /Users/clockorangezoe/Documents/phd_projects/code/geoAI/GRAIL_rdpro_main_v5/experiments/rdpro/beast/common/target/surefire-reports for the individual test results.
[ERROR] -> [Help 1]
[ERROR] 
[ERROR] To see the full stack trace of the errors, re-run Maven with the -e switch.
[ERROR] Re-run Maven using the -X switch to enable full debug logging.
[ERROR] 
[ERROR] For more information about the errors and possible solutions, please read the following articles:
[ERROR] [Help 1] http://cwiki.apache.org/confluence/display/MAVEN/MojoFailureException
[ERROR] 
[ERROR] After correcting the problems, you can resume the build with the command
[ERROR]   mvn <args> -rf :common
